// Jest Snapshot v1, https://goo.gl/fbAQLP

exports[`Spinner component should render component and match snapshot 1`] = `<div class="fk-spinner fk-spinner--fullscreen"></div>`;
